Berikut penjelasan singkat cara membuat network server sendiri:

## 1. Pilih Bahasa & Library
Contoh populer:
- **Python** — `socket` (bawaan), atau `asyncio` untuk async
- **Node.js** — `net` module (bawaan)
- **Go** — `net/http` package

## 2. Contoh Server Sederhana (Python)

```python
import socket

server = socket.socket(socket.AF_INET, socket.SOCK_STREAM)
server.bind(('0.0.0.0', 8080))
server.listen(5)
print("Server listening on port 8080...")

while True:
    client, addr = server.accept()
    data = client.recv(1024)
    client.sendall(b"Hello from server!")
    client.close()
```

## 3. Alur Dasar
1. **Buat socket** — identitas server di jaringan
2. **Bind** — tentukan IP & port
3. **Listen** — siap terima koneksi
4. **Accept** — terima koneksi dari client
5. **Send/Recv** — kirim & terima data
6. **Close** — tutup koneksi

## 4. Production Tips
- Gunakan **threading** atau **async** untuk handle banyak client
- Tambahkan **error handling**
- Gunakan **reverse proxy** (Nginx) di depan server
- Aktifkan **TLS/SSL** untuk keamanan
- Gunakan **systemd** atau **supervisord** untuk process management

## 5. Testing
```bash
# Client test
nc localhost 8080
```

Ingin contoh lebih detail untuk bahasa tertentu?
