Berikut adalah tabel perbandingan harga smartphone terbaru di Indonesia (September 2026):

---

## 📱 Tabel Perbandingan Harga Smartphone Terbaru 2026

### Kelas Entry-Level (Rp 1–2 Jutaan)

| No | Tipe | Harga (Rp) | Chipset | RAM | Kamera Utama | Baterai | Layar |
|----|------|------------|---------|-----|--------------|---------|-------|
| 1 | Samsung Galaxy A16 5G | 3.340.000 | MediaTek Dimensity 6300 | 8 GB | 50 MP | 5.000 mAh | 6.7" AMOLED 90Hz |
| 2 | Realme C63 8/128GB | 1.799.000 | Helio G85 | 8 GB | 50 MP | 5.000 mAh | 6.72" 90Hz |
| 3 | Realme C65 8/128GB | 2.199.000 | Helio G85 | 8 GB | 50 MP | 5.000 mAh | 6.72" 90Hz |
| 4 | Realme C67 8/256GB | 2.799.000 | Snapdragon 685 | 8 GB | 108 MP | 5.000 mAh | 6.72" 120Hz |

---

### Kelas Menengah (Rp 3–5 Jutaan)

| No | Tipe | Harga (Rp) | Chipset | RAM | Kamera Utama | Baterai | Layar |
|----|------|------------|---------|-----|--------------|---------|-------|
| 1 | Samsung Galaxy A26 5G | 4.953.000 | Exynos 1280 | 8 GB | 50 MP | 5.000 mAh | 6.6" AMOLED 120Hz |
| 2 | Samsung Galaxy A35 5G | 4.999.000 | Exynos 1380 | 8 GB | 50 MP | 5.000 mAh | 6.6" AMOLED 120Hz |
| 3 | Realme 13 4G 8/128GB | 2.999.000 | Snapdragon 685 | 8 GB | 50 MP (Sony LYT 600) | 5.000 mAh | 6.67" AMOLED 120Hz |
| 4 | Xiaomi Redmi Note 14 5G | ~3.000.000 | MediaTek Dimensity 7025 | 8 GB | 108 MP + OIS | 5.500 mAh | 6.67" AMOLED 120Hz |
| 5 | Vivo V50 Lite 4G | ~3.500.000 | Helio G99 | 8 GB | 50 MP | 5.000 mAh | 6.77" AMOLED 120Hz |

---

### Kelas Premium Menengah (Rp 6–7 Jutaan)

| No | Tipe | Harga (Rp) | Chipset | RAM | Kamera Utama | Baterai | Layar |
|----|------|------------|---------|-----|--------------|---------|-------|
| 1 | Samsung Galaxy A56 5G | 6.000.000–7.199.000 | Exynos 1580 | 8–12 GB | 50 MP (OIS) + 12 MP UW + 5 MP macro | 5.000 mAh (45W) | 6.7" Super AMOLED 120Hz |
| 2 | Vivo V50 | 6.000.000–7.149.000 | Snapdragon 7 Gen 3 | 8–12 GB | 50 MP + 50 MP UW | 6.000 mAh (90W) | 6.77" AMOLED Curved 120Hz |
| 3 | Samsung Galaxy A57 5G | 6.399.000 | Exynos 1580+ | 8 GB | 50 MP OIS | 5.000 mAh (45W) | 6.7" AMOLED 120Hz |

---

### Kelas Flagship – iPhone (Agustus 2026)

| No | Tipe | Harga (Rp) | Storage | Chipset |
|----|------|------------|---------|---------|
| 1 | iPhone 17e | 13.499.000 | 256 GB | A19 Bionic |
| 2 | iPhone 17e | 17.999.000 | 512 GB | A19 Bionic |
| 3 | iPhone 17 | 17.749.000 | 256 GB | A19 Pro |
| 4 | iPhone 17 | 22.499.000 | 512 GB | A19 Pro |
| 5 | iPhone Air | 16.999.000 | 256 GB | A19 Pro |
| 6 | iPhone Air | 25.999.000 | 1 TB | A19 Pro |
| 7 | iPhone 17 Pro | 22.999.000 | 256 GB | A19 Pro Max |
| 8 | iPhone 17 Pro | 32.249.000 | 1 TB | A19 Pro Max |
| 9 | iPhone 17 Pro Max | 24.999.000 | 256 GB | A19 Pro Max |
| 10 | iPhone 17 Pro Max | 34.249.000 | 1 TB | A19 Pro Max |

---

### iPhone 16 Series (Masih Tersedia)

| Tipe | Harga (Rp) | Storage |
|------|------------|---------|
| iPhone 16 | 15.499.000 | 128 GB |
| iPhone 16 Plus | 16.499.000 | 128 GB |
| iPhone 16 Pro | 23.499.000 | 512 GB |
| iPhone 16 Pro Max | 20.499.000 | 256 GB |

---

> **Catatan:** Harga bersumber dari distributor resmi & e-commerce Indonesia per Agustus–September 2026. Harga dapat berubah sewaktu-waktu tergantung toko dan promosi.
