Berikut adalah template surat lamaran kerja untuk posisi marketing:

---

**[Nama Lengkap]**
[Alamat]
[No. Telepon] | [Email]

[Tempat], [Tanggal]

**Kepada Yth.**
[Nama Pimpinan/HRD]
[Nama Perusahaan]
[Alamat Perusahaan]

**Perihal: Lamaran Kerja untuk Posisi Marketing**

Dengan hormat,

Berdasarkan informasi yang saya peroleh dari [sumber informasi, misal: website perusahaan/LinkedIn/media cetak], saya bermaksud melamar untuk posisi **Marketing** di perusahaan yang Bapak/Ibu pimpin.

Saya lulusan [jenjang pendidikan] dari [universitas/institusi], jurusan [nama jurusan], dengan IPK [IPK]. Saya memiliki pengalaman [durasi] dalam bidang marketing, termasuk [sebutkan pengalaman relevant, misal: digital marketing, content creation, sales, dll].

Keahlian yang saya miliki antara lain:
- Digital marketing & social media management
- Analisis pasar dan kompetitor
- Komunikasi dan negosiasi
- Ms. Office & tools marketing digital

Saya sangat tertarik dengan perkembangan [nama perusahaan] dan yakin dapat berkontribusi dalam tim marketing perusahaan. Saya bersedia untuk wawancara kapan saja.

Bersama surat ini, saya lampirkan:
1. CV/Curriculum Vitae
2. Fotocopi ijazah & transkrip nilai
3. Fotocopi KTP
4. Pas foto terbaru

Demikian surat lamaran ini saya buat dengan sebenar-benarnya. Atas perhatian dan waktu yang diberikan, saya ucapkan terima kasih.

Hormat saya,

**[Nama Lengkap]**
[Tanda tangan]

---

Silakan sesuaikan bagian yang ditandai **[...]** dengan data pribadi Anda. Jika Anda ingin saya bantu menyesuaikan konten berdasarkan informasi spesifik (nama perusahaan, pengalaman, dll), silakan berikan detailnya.
