# Menu Makanan Sehat Mingguan

## Senin
- **Sarapan**: Oatmeal dengan buah berries & kacang almond
- **Makan Siang**: Nasi merah, ayam panggang, sayur brokoli
- **Makan Malam**: Sup ikan salmon dengan bayam

## Selasa
- **Sarapan**: Smoothie pisang & bayam
- **Makan Siang**: Nasi merah, ikan bakar, tumis wortel
- **Makan Malam**: Salad ayam dengan alpukat

## Rabu
- **Sarapan**: Telur rebus 2 butir, roti gandum
- **Makan Siang**: Nasi merah, udang tumis, sayur kangkung
- **Makan Malam**: Sup ayam dengan jamur

## Kamis
- **Sarapan**: Greek yogurt dengan granola
- **Makan Siang**: Nasi merah, tempe goreng, sayur asem
- **Makan Malam**: Salad telur dengan timun

## Jumat
- **Sarapan**: Pisang rebus dengan madu
- **Makan Siang**: Nasi merah, ayam bakar, tumis buncis
- **Makan Malam**: Sup ubi jalar

## Sabtu
- **Sarapan**: Overnight oats dengan chia seed
- **Makan Siang**: Nasi merah, ikan lele goreng, sayur lodeh
- **Makan Malam**: Salad tahu dengan saus kacang

## Minggu
- **Sarapan**: Pancake gandum dengan buah
- **Makan Siang**: Nasi merah, daging ayam panggang, sayur bayam
- **Makan Malam**: Sup jagung dengan wortel

---

**Tips:**
- Minum air putih minimal 8 gelas/hari
- Kurangi gula & garam
- Porsi sayur lebih banyak dari nasi
- Camilan sehat: buah segar atau kacang
