Berikut rencana perjalanan wisata Bali selama 5 hari:

---

## Rencana Wisata Bali 5 Hari

### **Hari 1: Kedatangan & Area Kuta/Seminyak**
- Pagi: Tiba di Bandara Ngurah Rai, check-in hotel
- Siang: Pantai Seminyak atau Kuta, menikmati sunset
- Malam: Makan malam di Seminyak Square, nightlife

### **Hari 2: Ubud & Pura Tirta Empul**
- Pagi: Pura Tirta Empul (upacara pemurnian)
- Siang: Tegallalang Rice Terrace, makan siang di warung lokal
- Sore: Ubud Monkey Forest, Gala Gala Underground House
- Malam: Kembali ke hotel

### **Hari 3: Tanah Lot & Uluwatu**
- Pagi: Tanah Lot Temple (foto saat air surut)
- Siang: Pantai Padang Padang atau Bingin
- Sore: Uluwatu Temple, tari Kecak saat sunset
- Malam: Seafood Jimbaran

### **Hari 4: Nusa Penida (Trip Sehari)**
- Pagi: Speed boat ke Nusa Penida
- Siang: Kelingking Beach, Angel's Billabong, Broken Beach
- Sore: Snorkeling dengan mola-mola/manta ray (musim tertentu)
- Malam: Kembali ke Bali mainland

### **Hari 5: Hari Terakhir & Keberangkatan**
- Pagi: Spa atau aktivitas air (parasailing, banana boat)
- Siang: Souvenir shopping (Krisna/Sukawati Market)
- Sore: Check-out, ke bandara

---

**Tips:**
- Sewa motor/sopir untuk mobilitas (Rp 150-250rb/hari)
- Makan di warung lokal lebih murah dan enak
- Bawa uang cash untuk masuk pura dan parkir
- Waktu terbaik: April-Oktober (kemarau)

Apakah ada area atau aktivitas tertentu yang ingin difokuskan?
