Berikut adalah kode Python untuk menghitung Fibonacci:

```python
def fibonacci(n):
    if n <= 0:
        return "Input harus bilangan positif"
    elif n == 1:
        return 0
    elif n == 2:
        return 1
    
    a, b = 0, 1
    for _ in range(2, n):
        a, b = b, a + b
    return b

# Contoh penggunaan
n = 10
print(f"Fibonacci ke-{n}: {fibonacci(n)}")

# atau untuk mencetak deret lengkap
print("Deret Fibonacci (10 angka pertama):")
for i in range(1, 11):
    print(fibonacci(i), end=" ")
print()
```

**Output:**
```
Fibonacci ke-10: 34
Deret Fibonacci (10 angka pertama): 0 1 1 2 3 5 8 13 21 34
```

**Cara kerja:**
- Fungsi `fibonacci(n)` mengembalikan angka ke-n dalam deret Fibonacci
- Deret dimulai dari 0, 1, 1, 2, 3, 5, 8, 13, ...
- Menggunakan iterasi (lebih efisien daripada rekursif untuk bilangan besar)
