Berikut adalah template daftar belanja mingguan:

**Sayuran**
- Bayam (1 ikat)
- Wortel (1 kg)
- Tomat (1/2 kg)
- Bawang merah (1/2 kg)
- Bawang putih (1/4 kg)
- Cabai merah (1/4 kg)

**Buah-buahan**
- Apel (6 buah)
- Pisang (1 sisir)
- Jeruk (6 buah)

**Bahan Pokok**
- Beras (5 kg)
- Minyak goreng (2 liter)
- Gula pasir (1 kg)
- Garam (1/4 kg)

**Protein**
- Ayam (1 kg)
- Telur (1 pack, 30 butir)
- Tempe (2 papan)
- Tahu (4 buah)

**Kebutuhan Lain**
- Susu UHT (1 liter)
- Sabun cuci piring
- Tisu toilet

Sesuaikan dengan kebutuhan dan jumlah anggota keluarga. Ada yang ingin ditambahkan atau diubah?
