Berikut resep rendang daging sapi sederhana yang mudah diikuti:

## Resep Rendang Daging Sapi Sederhana (4 Langkah)

### Bahan:
- 400 gram daging rendang, potong melawan serat tebal 3 cm
- 3 cm lengkuas, dimemarkan
- 2 batang serai, diambil putihnya, dimemarkan
- 2 lembar daun kunyit, diiris
- 2 cm kayu manis
- 1 sdm garam
- 1 sdt gula pasir
- 500 ml santan kental
- 1.250 ml santan encer

### Bumbu Halus:
- 12 buah cabai merah keriting
- 5 buah cabai merah besar
- 10 butir bawang merah
- 4 siung bawang putih
- 4 cm jahe
- 4 butir kemiri, disangrai
- 1 sdt merica
- 3 sdt ketumbar

### Cara Membuat:
1. Rebus santan encer, lengkuas, serai, daun kunyit, kayu manis, dan bumbu halus sambil diaduk sampai mendidih.
2. Tambahkan daging. Masak sambil diaduk sampai berubah warna.
3. Masukkan garam dan gula pasir. Aduk rata. Masak hingga empuk dan kuah kental.
4. Tuang santan kental. Masak di atas api kecil sambil diaduk sampai berminyak.

**Tips:** Gunakan api kecil dan aduk sesekali agar santan tidak pecah dan rendang tidak gosong.
