Berikut jadwal belajar selama seminggu:

| Hari | Waktu Belajar | Mata Kuliah/Materi |
|------|---------------|---------------------|
| **Senin** | 08:00 - 10:00 | Matematika |
| | 10:00 - 12:00 | Fisika |
| | 14:00 - 16:00 | Bahasa Indonesia |
| **Selasa** | 08:00 - 10:00 | Kimia |
| | 10:00 - 12:00 | Biologi |
| | 14:00 - 16:00 | Bahasa Inggris |
| **Rabu** | 08:00 - 10:00 | Matematika |
| | 10:00 - 12:00 | Ekonomi |
| | 14:00 - 16:00 | Sejarah |
| **Kamis** | 08:00 - 10:00 | Fisika |
| | 10:00 - 12:00 | Kimia |
| | 14:00 - 16:00 | Bahasa Inggris |
| **Jumat** | 08:00 - 10:00 | Biologi |
| | 10:00 - 12:00 | Matematika |
| | 14:00 - 16:00 | Review/Sistem |
| **Sabtu** | 09:00 - 11:00 | Latihan Soal |
| | 11:00 - 13:00 | Review mingguan |
| **Minggu** | - | Istirahat/Refresh |

**Tips:**
- Ambil istirahat 10-15 menit setiap 2 jam belajar
- Sesuaikan dengan jadwal mata kuliah/sekolah Anda
- Fokus pada mata pelajaran yang sulit di awal hari
- Gunakan teknik Pomodoro (25 menit belajar, 5 menit istirahat)
